---
source: zebra-rpc/src/methods/tests/snapshot/get_block_template_rpcs.rs
expression: block_template
---
{
  "capabilities": [],
  "version": 4,
  "previousblockhash": "0000000000000000000000000000000000000000000000000000000000000000",
  "blockcommitmentshash": "0000000000000000000000000000000000000000000000000000000000000000",
  "lightclientroothash": "0000000000000000000000000000000000000000000000000000000000000000",
  "finalsaplingroothash": "0000000000000000000000000000000000000000000000000000000000000000",
  "defaultroots": {
    "merkleroot": "623400cc122baa015d3a4209f5903ebe215170c7e6e74831dce8372c5fd5b3cc",
    "chainhistoryroot": "0000000000000000000000000000000000000000000000000000000000000000",
    "authdataroot": "a44375f0c0dd5ba612bd7b0efd77683cde8edf5055aff9fbfda443cc8d46bd3e",
    "blockcommitmentshash": "0000000000000000000000000000000000000000000000000000000000000000"
  },
  "transactions": [],
  "coinbasetxn": {
    "data": "050000800a27a726b4d0d6c200000000f51c1c00010000000000000000000000000000000000000000000000000000000000000000ffffffff0403f51c1c0000000004286bee000000000017a9140c0bcca02f3cba01a5d7423ac3903d40586399eb8738c94d010000000017a9144e3f0d9a33a2721604cbae2de8d9171e21f8fbe48740787d010000000017a91471e1df05024288a00802de81e08c437859586c878780b2e60e0000000017a914adadadadadadadadadadadadadadadadadadadad87000000",
    "hash": "623400cc122baa015d3a4209f5903ebe215170c7e6e74831dce8372c5fd5b3cc",
    "authdigest": "a44375f0c0dd5ba612bd7b0efd77683cde8edf5055aff9fbfda443cc8d46bd3e",
    "depends": [],
    "fee": 0,
    "sigops": 0,
    "required": true
  },
  "target": "",
  "mintime": 0,
  "mutable": [
    "time",
    "transactions",
    "prevblock"
  ],
  "noncerange": "00000000ffffffff",
  "sigoplimit": 20000,
  "sizelimit": 2000000,
  "curtime": 0,
  "bits": "",
  "height": 0
}
