---
source: zebra-rpc/src/methods/tests/snapshot/get_block_template_rpcs.rs
expression: submit_block_response
---
"rejected"
