---
source: zebra-rpc/src/methods/tests/snapshot/get_block_template_rpcs.rs
expression: z_validate_address
---
{
  "isvalid": true,
  "address": "t3fqvkzrrNaMcamkQMwAyHRjfDdM2xQvDTR",
  "address_type": "p2sh",
  "ismine": false
}
