---
source: zebra-rpc/src/methods/tests/snapshot/get_block_template_rpcs.rs
expression: z_validate_address
---
{
  "isvalid": false
}
