---
source: zebra-rpc/src/methods/tests/snapshot.rs
expression: block_template
---
{
  "capabilities": [
    "proposal"
  ],
  "version": 4,
  "previousblockhash": "0000000000d723156d9b65ffcf4984da7a19675ed7e2f06d9e5d5188af087bf8",
  "blockcommitmentshash": "02990723c6b62a724651322d141b4a72a4ffd66518167d809badbd5117d5518a",
  "lightclientroothash": "02990723c6b62a724651322d141b4a72a4ffd66518167d809badbd5117d5518a",
  "finalsaplingroothash": "02990723c6b62a724651322d141b4a72a4ffd66518167d809badbd5117d5518a",
  "defaultroots": {
    "merkleroot": "d0773280a70f8bdde35f0dbff1e7acee8f7d21c84d6f6fbfb3082c899b8abf6c",
    "chainhistoryroot": "94470fa66ebd1a5fdb109a5aa3f3204f14de3a42135e71aa7f4c44055847e0b5",
    "authdataroot": "ffffffffffffffffffffffffffffffffffffffffffffffffffffffffffffffff",
    "blockcommitmentshash": "02990723c6b62a724651322d141b4a72a4ffd66518167d809badbd5117d5518a"
  },
  "transactions": [],
  "coinbasetxn": {
    "data": "0400008085202f89010000000000000000000000000000000000000000000000000000000000000000ffffffff050341be1900ffffffff0480b2e60e000000001976a9147e7e7e7e7e7e7e7e7e7e7e7e7e7e7e7e7e7e7e7e88ac38c94d010000000017a91469a9f95a98fe581b6eb52841ef4806dc4402eb908740787d010000000017a914931fec54c1fea86e574462cc32013f5400b8912987286bee000000000017a914d45cb1adffb5215a42720532a076f02c7c778c90870000000041be19000000000000000000000000",
    "hash": "d0773280a70f8bdde35f0dbff1e7acee8f7d21c84d6f6fbfb3082c899b8abf6c",
    "authdigest": "ffffffffffffffffffffffffffffffffffffffffffffffffffffffffffffffff",
    "depends": [],
    "fee": 0,
    "sigops": 1,
    "required": true
  },
  "longpollid": "00016871043eab7f731654008728000000000000000000",
  "target": "0005555400000000000000000000000000000000000000000000000000000000",
  "mintime": 1654008606,
  "mutable": [
    "time",
    "transactions",
    "prevblock"
  ],
  "noncerange": "00000000ffffffff",
  "sigoplimit": 20000,
  "sizelimit": 2000000,
  "curtime": 1654008617,
  "bits": "1f055554",
  "height": 1687105,
  "maxtime": 1654008728
}
