---
source: zebra-rpc/src/methods/tests/snapshot.rs
expression: block
---
{
  "hash": "025579869bcf52a989337342f5f57a84f3a28b968f7d6a8307902b065a668d23",
  "confirmations": 10,
  "height": 1,
  "version": 4,
  "merkle_root": "f37e9f691fffb635de0999491d906ee85ba40cd36dae9f6e5911a8277d7c5f75",
  "final_sapling_root": "fbc2f4300c01f0b7820d00e3347c8da4ee614674376cbc45359daa54f9b5493e",
  "time": 1477674473,
  "nonce": "000056c2264c31261d597c6fcea7c5e00160cf6be1cd89ca96a0389473e50000",
  "bits": "2007ffff",
  "difficulty": "07ffff0000000000000000000000000000000000000000000000000000000000",
  "previousblockhash": "05a60a92d99d85997cce3b87616c089f6124d7342af37106edc76126334a2c38",
  "nextblockhash": "00f1a49e54553ac3ef735f2eb1d8247c9a87c22a47dbd7823ae70adcd6c21a18"
}
