---
source: zebra-rpc/src/methods/tests/snapshot.rs
expression: block_template
---
{
  "capabilities": [
    "proposal"
  ],
  "version": 4,
  "previousblockhash": "0000000000d723156d9b65ffcf4984da7a19675ed7e2f06d9e5d5188af087bf8",
  "blockcommitmentshash": "88700a41ec1166c44b7abe0f23d2c0a417438364bb18e324b5c1c61c9f379c9c",
  "lightclientroothash": "88700a41ec1166c44b7abe0f23d2c0a417438364bb18e324b5c1c61c9f379c9c",
  "finalsaplingroothash": "88700a41ec1166c44b7abe0f23d2c0a417438364bb18e324b5c1c61c9f379c9c",
  "defaultroots": {
    "merkleroot": "01b6d9d3deb96e6b776668073f8959c033cc2a8f034ffe32238817c9fb8072b0",
    "chainhistoryroot": "94470fa66ebd1a5fdb109a5aa3f3204f14de3a42135e71aa7f4c44055847e0b5",
    "authdataroot": "a54fe7e2f8ea0d6dc319470cb572d4147e27d7d1740ee4cf214cd05ccb766e8c",
    "blockcommitmentshash": "88700a41ec1166c44b7abe0f23d2c0a417438364bb18e324b5c1c61c9f379c9c"
  },
  "transactions": [],
  "coinbasetxn": {
    "data": "050000800a27a726b4d0d6c20000000041be1900010000000000000000000000000000000000000000000000000000000000000000ffffffff090341be197af09fa693000000000480b2e60e0000000017a9147e7e7e7e7e7e7e7e7e7e7e7e7e7e7e7e7e7e7e7e8738c94d010000000017a91469a9f95a98fe581b6eb52841ef4806dc4402eb908740787d010000000017a914931fec54c1fea86e574462cc32013f5400b8912987286bee000000000017a914d45cb1adffb5215a42720532a076f02c7c778c9087000000",
    "hash": "01b6d9d3deb96e6b776668073f8959c033cc2a8f034ffe32238817c9fb8072b0",
    "authdigest": "a54fe7e2f8ea0d6dc319470cb572d4147e27d7d1740ee4cf214cd05ccb766e8c",
    "depends": [],
    "fee": 0,
    "sigops": 0,
    "required": true
  },
  "longpollid": "00016871043eab7f731654008728000000000000000000",
  "target": "0005555400000000000000000000000000000000000000000000000000000000",
  "mintime": 1654008606,
  "mutable": [
    "time",
    "transactions",
    "prevblock"
  ],
  "noncerange": "00000000ffffffff",
  "sigoplimit": 20000,
  "sizelimit": 2000000,
  "curtime": 1654008617,
  "bits": "1f055554",
  "height": 1687105,
  "maxtime": 1654008728,
  "submitold": false
}
