---
source: zebra-rpc/src/methods/tests/snapshot.rs
expression: transactions
---
{
  "Err": {
    "code": -32602,
    "message": "start Height(3) and end Height(16777216) must both be less than or equal to the chain tip Height(10)"
  }
}
