---
source: zebra-scan/src/storage/db/tests/snapshot.rs
expression: cf_names
---
[
  "default",
  "sapling_tx_ids",
]
