---
source: zebra-scan/src/storage/db/tests/snapshot.rs
expression: empty_column_families
---
[]
