---
source: zebra-state/src/service/finalized_state/zebra_db/block/tests/snapshot.rs
assertion_line: 176
expression: stored_blocks

---
[
  BlockData(
    height: 0,
    block: "040000000000000000000000000000000000000000000000000000000000000000000000db4d7a85b768123f1dff1d4c4cece70083b2d27e117b4ac2e31d087988a5eac40000000000000000000000000000000000000000000000000000000000000000a11e1358ffff07200600000000000000000000000000000000000000000000000000000000000000fd400500a6a51259c3f6732481e2d035197218b7a69504461d04335503cd69759b2d02bd2b53a9653f42cb33c608511c953673fa9da76170958115fe92157ad3bb5720d927f18e09459bf5c6072973e143e20f9bdf0584058c96b7c2234c7565f100d5eea083ba5d3dbaff9f0681799a113e7beff4a611d2b49590563109962baa149b628aae869af791f2f70bb041bd7ebfa658570917f6654a142b05e7ec0289a4f46470be7be5f693b90173eaaa6e84907170f32602204f1f4e1c04b1830116ffd0c54f0b1caa9a5698357bd8aa1f5ac8fc93b405265d824ba0e49f69dab5446653927298e6b7bdc61ee86ff31c07bde86331b4e500d42e4e50417e285502684b7966184505b885b42819a88469d1e9cf55072d7f3510f85580db689302eab377e4e11b14a91fdd0df7627efc048934f0aff8e7eb77eb17b3a95de13678004f2512293891d8baf8dde0ef69be520a58bbd6038ce899c9594cf3e30b8c3d9c7ecc832d4c19a6212747b50724e6f70f6451f78fd27b58ce43ca33b1641304a916186cfbe7dbca224f55d08530ba851e4df22baf7ab7078e9cbea46c0798b35a750f54103b0cdd08c81a6505c4932f6bfbd492a9fced31d54e98b6370d4c96600552fcf5b37780ed18c8787d03200963600db297a8f05dfa551321d17b9917edadcda51e274830749d133ad226f8bb6b94f13b4f77e67b35b71f52112ce9ba5da706ad9573584a2570a4ff25d29ab9761a06bdcf2c33638bf9baf2054825037881c14adf3816ba0cbd0fca689aad3ce16f2fe362c98f48134a9221765d939f0b49677d1c2447e56b46859f1810e2cf23e82a53e0d44f34dae932581b3b7f49eaec59af872cf9de757a964f7b33d143a36c270189508fcafe19398e4d2966948164d40556b05b7ff532f66f5d1edc41334ef742f78221dfe0c7ae2275bb3f24c89ae35f00afeea4e6ed187b866b209dc6e83b660593fce7c40e143beb07ac86c56f39e895385924667efe3a3f031938753c7764a2dbeb0a643fd359c46e614873fd0424e435fa7fac083b9a41a9d6bf7e284eee537ea7c50dd239f359941a43dc982745184bf3ee31a8dc850316aa9c6b66d6985acee814373be3458550659e1a06287c3b3b76a185c5cb93e38c1eebcf34ff072894b6430aed8d34122dafd925c46a515cca79b0269c92b301890ca6b0dc8b679cdac0f23318c105de73d7a46d16d2dad988d49c22e9963c117960bdc70ef0db6b091cf09445a516176b7f6d58ec29539166cc8a38bbff387acefffab2ea5faad0e8bb70625716ef0edf61940733c25993ea3de9f0be23d36e7cb8da10505f9dc426cd0e6e5b173ab4fff8c37e1f1fb56d1ea372013d075e0934c6919393cfc21395eea20718fad03542a4162a9ded66c814ad8320b2d7c2da3ecaf206da34c502db2096d1c46699a91dd1c432f019ad434e2c1ce507f91104f66f491fed37b225b8e0b2888c37276cfa0468fc13b8d593fd9a2675f0f5b20b8a15f8fa7558176a530d6865738ddb25d3426dab905221681cf9da0e0200eea5b2eba3ad3a5237d2a391f9074bf1779a2005cee43eec2b058511532635e0fea61664f531ac2b356f40db5c5d275a4cf5c82d468976455af4e3362cc8f71aa95e71d394aff3ead6f7101279f95bcd8a0fedce1d21cb3c9f6dd3b182fce0db5d6712981b651f29178a24119968b14783cafa713bc5f2a65205a42e4ce9dc7ba462bdb1f3e4553afc15f5f39998fdb53e7e231e3e520a46943734a007c2daa1eda9f495791657eefcac5c32833936e568d06187857ed04d7b97167ae207c5c5ae54e528c36016a984235e9c5b2f0718d7b3aa93c7822ccc772580b6599671b3c02ece8a21399abd33cfd3028790133167d0a97e7de53dc8ff0101000000010000000000000000000000000000000000000000000000000000000000000000ffffffff4d04ffff071f0104455a6361736830623963346565663862376363343137656535303031653335303039383462366665613335363833613763616331343161303433633432303634383335643334ffffffff010000000000000000434104678afdb0fe5548271967f1a67130b7105cd6a828e03909a67962e0ea1f61deb649f6bc3f4cef38c4f35504e51ec112de5c384df7ba0b8d578a4c702b6bf11d5fac00000000",
  ),
  BlockData(
    height: 1,
    block: "04000000382c4a332661c7ed0671f32a34d724619f086c61873bce7c99859dd9920aa605755f7c7d27a811596e9fae6dd30ca45be86e901d499909de35b6ff1f699f7ef30000000000000000000000000000000000000000000000000000000000000000e9851358ffff0720000056c2264c31261d597c6fcea7c5e00160cf6be1cd89ca96a0389473e50000fd40050053f4438864bc5d6dfc009d4bba545ac5e5feaaf46f9455b975b02115f842a966e26517ce678f1c074d09cc8d0049a190859eb505af5f3e760312fbbe54da115db2bc03c96408f39b679891790b539d2d9d17a801dc6af9af14ca3f6ba060edce2a1dd45aa45f11fe37dbaf1eb2647ae7c393f6680c3d5d7e53687e34530f48edf58924a04d3e0231c150b1c8218998f674bc171edd222bcb4ac4ba4ea52d7baa86399f371d5284043e1e166f9069dd0f2904ff94c7922a70fa7c660e0553cc40a20d9ee08eb3f47278485801ddae9c270411360773f0b74e03db2d92c50952c9bd4924bbca2a260e1235e99df51fe71e75744232f2d641ef94f394110a5ad05f51a057e4cb515b92c16cb1404a8cdcc43d4a4bb2caa54ca35dccf41aa7d832da65123b7029223c46ed2a13387d598d445435d3cb32fdad9e27672903864c90d86353b162033078327b5b7aaffc89b40096ae004f2d5c6bd2c99188574348518db66e9b6020f93f12ee1c06f7b00fe346fefceaffb1da9e3cdf08285057f549733eb10825737fcd1431bfdfb155f323f24e95a869212baacf445b30f2670206645779110e6547d5da90a5f2fe5151da911d5ecd5a833023661d1356b6c395d85968947678d53efd4db7b06f23b21125e74492644277ea0c1131b80d6a4e3e8093b82332556fbb3255a55ac3f0b7e4844c0e12bf577c37fd02323ae5ef4781772ed501d63b568032a3d31576c5104a48c01ac54f715286932351a8adc8cf2467a84a0572e99f366ee00f82c3735545fd4bb941d591ce70070425a81304272db89887949bc7dd8236bb7e82190f9815da938cd6e8fec7660e91354326a7a9bfe38120e97997fca3c289d54513ed00286c2b825fbe84f91a39528f335674b5e957425a6edfdd00f2feb2c2df575616197998c1e964e069875d4d934f419a9b02b100848d023b76d47bd4e284c3895ef9227a40d8ea8826e86c7155d6aa95b8f9175812523a32cd611efc700688e03f7c245c5bff01718281b5d75cefe8318b2c08962236b14a0bf79534c203df735fd9cced97cbae07c2b4ee9cda8c9993f3f6277ff3fec261fb94d3961c4befe4b0893dcf67b312c7d8d6ff7adc8539cb2b1d3534fccf109efddd07a9f1e77b94ab1e505b164221dca1c34621b1e9d234c31a032a401267d95f65b800d579a2482638dfeade804149c81e95d7ef5510ac0b6212231506b1c635a2e1d2f0c9712989f9f246762fadb4c55c20f707dcc0e510a33e9465fc5d5bdbfa524dab0d7a1c6a1baaa36869cf542aa2257c5c44ef07547a570343442c6091e13bc04d559dc0e6db5b001861914bf956816edce2a86b274bd97f27e2dbb08608c16a3e5d8595952faa91fb162d7fa6a7a47e849a1ad8fab3ba620ee3295a04fe13e5fb655ac92ae60d01020b8999526af8d56b28733e69c9ffb285de27c61edc0bf62261ac0787eff347d0fcd62257301ede9603106ea41650a3e3119bd5c4e86a7f6a3f00934f3a545f7f21d41699f3e35d38cf925a8bdaf2bf7eedea11c31c3d8bf6c527c77c6378281cdf02211a58fa5e46d28d7e7c5fb79d69b31703fd752395da115845952cf99aaeb2155c2ab951a69f67d938f223185567e52cfa3e57b62c790bf78674c4b02c12b7d3225fe8f705b408ba11c24245b3924482e2f3480994461b550641a88cd941d371139f3498afacdcba1249631402b20695760eaada5376e68df0e45139c410700effc9420dc3726515e7fcb3f349320f30511451964bd9b6530682efec65910ceb548aa2ab05ac3309e803161697213631ae8e13cc7d223ac28446c1bf94a19a8782ac16ff57df7ee4f10fb6e488c02c68d6b6dee6987f6d2c39227da366c59f54ff67e312ca530e7c467c3dc80101000000010000000000000000000000000000000000000000000000000000000000000000ffffffff03510101ffffffff0250c30000000000002321025229e1240a21004cf8338db05679fa34753706e84f6aebba086ba04317fd8f99acd43000000000000017a914ef775f1f997f122a062fff1a2d7443abd1f9c6428700000000",
  ),
]
